// Jest Snapshot v1, https://goo.gl/fbAQLP

exports[`BubbleDonutBuilderGroup BubbleDonutBuilderGroup should display a slider input with a label 1`] = `
<div
  className="space-y-2"
>
  <div
    className="flex space-x-4 items-center"
  >
    <label
      className="flex items-center space-x-2"
      htmlFor="group_1"
    >
      <span
        className="block flex-shrink-0 w-3 h-3 rounded-full"
        style={
          Object {
            "backgroundColor": "#EEEEEE",
          }
        }
      />
      <span>
        Group #
        2
      </span>
    </label>
    <input
      className="flex-1"
      id="group_1"
      max="100"
      min="1"
      name="group_size_1"
      onChange={[Function]}
      type="range"
      value={100}
    />
  </div>
</div>
`;
